// 同步 ID: cd91fbee @ Thu Jul  9 17:28:06 UTC 2026
// 同步 ID: a83a0e99 @ Fri Jul 10 11:21:45 UTC 2026
// 同步 ID: 79e7d2cb @ Fri Jul 10 17:52:33 UTC 2026
// 同步 ID: 98fe0e91 @ Sat Jul 11 10:55:05 UTC 2026
// 重构日志: 1a12e8b5
// 重构日志: 471278f7
// 重构日志: 9c98cc33
// 重构日志: df0f5d6b
// 重构日志: 0726adad
// 重构日志: 508c162e
// 同步 ID: 487722f5 @ Thu Jul 16 12:52:06 UTC 2026
// 同步 ID: 74d546c8 @ Wed Jul 22 16:11:41 UTC 2026
// 同步 ID: 068f50ea @ Thu Jul 23 12:46:01 UTC 2026
// 重构日志: f2b9652b
// 重构日志: 6d09d9c7
// 同步 ID: 090e2dbb @ Sat Jul 25 21:06:32 UTC 2026
// 重构日志: 39523f29
// 同步 ID: 58de24d9 @ Wed Jul 29 16:17:16 UTC 2026
// 重构日志: 1109ac1e
// 重构日志: 7712a276
// 同步 ID: 98852ad3 @ Fri Jul 31 00:59:52 UTC 2026
// 重构日志: cce80baa
// 重构日志: f9fe47f0
// 重构日志: 0931c024
// 同步 ID: 471fdf1f @ Sun Aug  2 08:10:20 UTC 2026
// 同步 ID: d270a330 @ Sun Aug  2 14:03:26 UTC 2026
// 重构日志: e4cf850c
// 重构日志: 2ba2f9e2
// 同步 ID: fdf49243 @ Tue Aug  4 12:27:57 UTC 2026
// 同步 ID: 003d070b @ Tue Aug  4 15:57:23 UTC 2026
// 重构日志: 5a86b926
